Command: /home/deity/.espressif/python_env/idf6.0_py3.10_env/bin/python /home/deity/esp/esp-idf/tools/idf_monitor.py -p /dev/ttyUSB0 -b 115200 --toolchain-prefix xtensa-esp32-elf- --target esp32 --revision 0 /home/deity/esp/fizzy_wair/build/fizzy_wair.elf /home/deity/esp/fizzy_wair/build/bootloader/bootloader.elf -m '/home/deity/.espressif/python_env/idf6.0_py3.10_env/bin/python' '/home/deity/esp/esp-idf/tools/idf.py'
xï¿½xxxailableï¿½ets Jul 29 2019 12:21:46

rst:0x1 (POWERON_RESET),boot:0x13 (SPI_FAST_FLASH_BOOT)
configsip: 0, SPIWP:0xee
clk_drv:0x00,q_drv:0x00,d_drv:0x00,cs0_drv:0x00,hd_drv:0x00,wp_drv:0x00
mode:DIO, clock div:2
load:0x3fff0030,len:6372
load:0x40078000,len:15928
load:0x40080400,len:3880
entry 0x40080638
[0;32mI (27) boot: ESP-IDF v6.0-dev-896-g1bbf04cb4c-dirty 2nd stage bootloader[0m
[0;32mI (27) boot: compile time Jun 29 2025 01:46:23[0m
[0;32mI (28) boot: Multicore bootloader[0m
[0;32mI (31) boot: chip revision: v3.1[0m
[0;32mI (34) boot.esp32: SPI Speed      : 40MHz[0m
[0;32mI (37) boot.esp32: SPI Mode       : DIO[0m
[0;32mI (41) boot.esp32: SPI Flash Size : 2MB[0m
[0;32mI (45) boot: Enabling RNG early entropy source...[0m
[0;32mI (49) boot: Partition Table:[0m
[0;32mI (52) boot: ## Label            Usage          Type ST Offset   Length[0m
[0;32mI (58) boot:  0 nvs              WiFi data        01 02 00009000 00006000[0m
[0;32mI (64) boot:  1 phy_init         RF data          01 01 0000f000 00001000[0m
[0;32mI (71) boot:  2 factory          factory app      00 00 00010000 00100000[0m
[0;32mI (78) boot: End of partition table[0m
[0;32mI (81) esp_image: segment 0: paddr=00010020 vaddr=3f400020 size=0b7ach ( 47020) map[0m
[0;32mI (105) esp_image: segment 1: paddr=0001b7d4 vaddr=3ff80000 size=00024h (    36) load[0m
[0;32mI (105) esp_image: segment 2: paddr=0001b800 vaddr=3ffb0000 size=02600h (  9728) load[0m
[0;32mI (113) esp_image: segment 3: paddr=0001de08 vaddr=40080000 size=02210h (  8720) load[0m
[0;32mI (120) esp_image: segment 4: paddr=00020020 vaddr=400d0020 size=13c28h ( 80936) map[0m
[0;32mI (153) esp_image: segment 5: paddr=00033c50 vaddr=40082210 size=0b344h ( 45892) load[0m
[0;32mI (178) boot: Loaded app from partition at offset 0x10000[0m
[0;32mI (178) boot: Disabling RNG early entropy source...[0m
[0;32mI (189) cpu_start: Multicore app[0m
[0;32mI (197) cpu_start: Pro cpu start user code[0m
[0;32mI (197) cpu_start: cpu freq: 160000000 Hz[0m
[0;32mI (197) app_init: Application information:[0m
[0;32mI (197) app_init: Project name:     fizzy_wair[0m
[0;32mI (201) app_init: App version:      1[0m
[0;32mI (205) app_init: Compile time:     Jun 29 2025 01:46:16[0m
[0;32mI (210) app_init: ELF file SHA256:  bd54327d6...[0m
[0;32mI (214) app_init: ESP-IDF:          v6.0-dev-896-g1bbf04cb4c-dirty[0m
[0;32mI (220) efuse_init: Min chip rev:     v0.0[0m
[0;32mI (224) efuse_init: Max chip rev:     v3.99 [0m
[0;32mI (228) efuse_init: Chip rev:         v3.1[0m
[0;32mI (232) heap_init: Initializing. RAM available for dynamic allocation:[0m
[0;32mI (238) heap_init: At 3FFAE6E0 len 00001920 (6 KiB): DRAM[0m
[0;32mI (243) heap_init: At 3FFB32E0 len 0002CD20 (179 KiB): DRAM[0m
[0;32mI (248) heap_init: At 3FFE0440 len 00003AE0 (14 KiB): D/IRAM[0m
[0;32mI (254) heap_init: At 3FFE4350 len 0001BCB0 (111 KiB): D/IRAM[0m
[0;32mI (259) heap_init: At 4008D554 len 00012AAC (74 KiB): IRAM[0m
[0;32mI (266) spi_flash: detected chip: generic[0m
[0;32mI (268) spi_flash: flash io: dio[0m
[0;33mW (271) spi_flash: Detected size(4096k) larger than the size in the binary image header(2048k). Using the size in the binary image header.[0m
[0;32mI (284) main_task: Started on CPU0[0m
[0;32mI (294) main_task: Calling app_main()[0m

I2C scan:
[1;31mE (294) i2c.master: probe device timeout. Please check if xfer_timeout_ms and pull-ups are correctly set up[0m
[1;31mE (294) i2c.master: probe device timeout. Please check if xfer_timeout_ms and pull-ups are correctly set up[0m
[1;31mE (304) i2c.master: probe device timeout. Please check if xfer_timeout_ms and pull-ups are correctly set up[0m
[1;31mE (314) i2c.master: probe device timeout. Please check if xfer_timeout_ms and pull-ups are correctly set up[0m
[1;31mE (324) i2c.master: probe device timeout. Please check if xfer_timeout_ms and pull-ups are correctly set up[0m
[1;31mE (334) i2c.master: probe device timeout. Please check if xfer_timeout_ms and pull-ups are correctly set up[0m
[1;31mE (344) i2c.master: probe device timeout. Please check if xfer_timeout_ms and pull-ups are correctly set up[0m
[1;31mE (354) i2c.master: probe device timeout. Please check if xfer_timeout_ms and pull-ups are correctly set up[0m
[1;31mE (364) i2c.master: probe device timeout. Please check if xfer_timeout_ms and pull-ups are correctly set up[0m
[1;31mE (374) i2c.master: probe device timeout. Please check if xfer_timeout_ms and pull-ups are correctly set up[0m
[1;31mE (384) i2c.master: probe device timeout. Please check if xfer_timeout_ms and pull-ups are correctly set up[0m
[1;31mE (394) i2c.master: probe device timeout. Please check if xfer_timeout_ms and pull-ups are correctly set up[0m
[1;31mE (404) i2c.master: probe device timeout. Please check if xfer_timeout_ms and pull-ups are correctly set up[0m
[1;31mE (414) i2c.master: probe device timeout. Please check if xfer_timeout_ms and pull-ups are correctly set up[0m
[1;31mE (414) i2c.master: probe device timeout. Please check if xfer_timeout_ms and pull-ups are correctly set up[0m
[1;31mE (424) i2c.master: probe device timeout. Please check if xfer_timeout_ms and pull-ups are correctly set up[0m
[1;31mE (434) i2c.master: probe device timeout. Please check if xfer_timeout_ms and pull-ups are correctly set up[0m
[1;31mE (444) i2c.master: probe device timeout. Please check if xfer_timeout_ms and pull-ups are correctly set up[0m
[1;31mE (454) i2c.master: probe device timeout. Please check if xfer_timeout_ms and pull-ups are correctly set up[0m
[1;31mE (464) i2c.master: probe device timeout. Please check if xfer_timeout_ms and pull-ups are correctly set up[0m
[1;31mE (474) i2c.master: probe device timeout. Please check if xfer_timeout_ms and pull-ups are correctly set up[0m
[1;31mE (484) i2c.master: probe device timeout. Please check if xfer_timeout_ms and pull-ups are correctly set up[0m
[1;31mE (494) i2c.master: probe device timeout. Please check if xfer_timeout_ms and pull-ups are correctly set up[0m
[1;31mE (504) i2c.master: probe device timeout. Please check if xfer_timeout_ms and pull-ups are correctly set up[0m
[1;31mE (514) i2c.master: probe device timeout. Please check if xfer_timeout_ms and pull-ups are correctly set up[0m
[1;31mE (524) i2c.master: probe device timeout. Please check if xfer_timeout_ms and pull-ups are correctly set up[0m
[1;31mE (534) i2c.master: probe device timeout. Please check if xfer_timeout_ms and pull-ups are correctly set up[0m
[1;31mE (544) i2c.master: probe device timeout. Please check if xfer_timeout_ms and pull-ups are correctly set up[0m
[1;31mE (554) i2c.master: probe device timeout. Please check if xfer_timeout_ms and pull-ups are correctly set up[0m
[1;31mE (564) i2c.master: probe device timeout. Please check if xfer_timeout_ms and pull-ups are correctly set up[0m
[1;31mE (574) i2c.master: probe device timeout. Please check if xfer_timeout_ms and pull-ups are correctly set up[0m
[1;31mE (584) i2c.master: probe device timeout. Please check if xfer_timeout_ms and pull-ups are correctly set up[0m
[1;31mE (584) i2c.master: probe device timeout. Please check if xfer_timeout_ms and pull-ups are correctly set up[0m
[1;31mE (594) i2c.master: probe device timeout. Please check if xfer_timeout_ms and pull-ups are correctly set up[0m
[1;31mE (604) i2c.master: probe device timeout. Please check if xfer_timeout_ms and pull-ups are correctly set up[0m
[1;31mE (614) i2c.master: probe device timeout. Please check if xfer_timeout_ms and pull-ups are correctly set up[0m
[1;31mE (624) i2c.master: